<title>Vdbench output/config.html</title><pre>
Output from script /home/pranav/Downloads/Submission/vdbench/linux/config.sh: 

Monday 14 November 2022 10:21:50 PM IST
>>>>>uname -a
Linux kali 5.19.0-kali2-amd64 #1 SMP PREEMPT_DYNAMIC Debian 5.19.11-1kali2 (2022-10-10) x86_64 GNU/Linux
Monday 14 November 2022 10:21:50 PM IST
>>>>>ifconfig -a
docker0: flags=4099<UP,BROADCAST,MULTICAST>  mtu 1500
        inet 172.18.0.1  netmask 255.255.0.0  broadcast 172.18.255.255
        ether 02:42:84:ce:c4:a4  txqueuelen 0  (Ethernet)
        RX packets 0  bytes 0 (0.0 B)
        RX errors 0  dropped 0  overruns 0  frame 0
        TX packets 0  bytes 0 (0.0 B)
        TX errors 0  dropped 0 overruns 0  carrier 0  collisions 0

eth0: flags=4099<UP,BROADCAST,MULTICAST>  mtu 1500
        ether 08:97:98:be:2c:de  txqueuelen 1000  (Ethernet)
        RX packets 0  bytes 0 (0.0 B)
        RX errors 0  dropped 0  overruns 0  frame 0
        TX packets 0  bytes 0 (0.0 B)
        TX errors 0  dropped 0 overruns 0  carrier 0  collisions 0

lo: flags=73<UP,LOOPBACK,RUNNING>  mtu 65536
        inet 127.0.0.1  netmask 255.0.0.0
        inet6 ::1  prefixlen 128  scopeid 0x10<host>
        loop  txqueuelen 1000  (Local Loopback)
        RX packets 67207  bytes 6229115 (5.9 MiB)
        RX errors 0  dropped 0  overruns 0  frame 0
        TX packets 67207  bytes 6229115 (5.9 MiB)
        TX errors 0  dropped 0 overruns 0  carrier 0  collisions 0

lxcbr0: flags=4099<UP,BROADCAST,MULTICAST>  mtu 1500
        inet 10.0.3.1  netmask 255.255.255.0  broadcast 10.0.3.255
        ether 00:16:3e:00:00:00  txqueuelen 1000  (Ethernet)
        RX packets 0  bytes 0 (0.0 B)
        RX errors 0  dropped 0  overruns 0  frame 0
        TX packets 0  bytes 0 (0.0 B)
        TX errors 0  dropped 0 overruns 0  carrier 0  collisions 0

wlan0: flags=4163<UP,BROADCAST,RUNNING,MULTICAST>  mtu 1500
        inet 10.150.32.55  netmask 255.255.240.0  broadcast 10.150.47.255
        inet6 fe80::42aa:f8bb:2251:daad  prefixlen 64  scopeid 0x20<link>
        ether f8:ac:65:fd:6f:bf  txqueuelen 1000  (Ethernet)
        RX packets 3738395  bytes 406656336 (387.8 MiB)
        RX errors 0  dropped 192  overruns 0  frame 0
        TX packets 55045  bytes 50738585 (48.3 MiB)
        TX errors 0  dropped 0 overruns 0  carrier 0  collisions 0

Monday 14 November 2022 10:21:50 PM IST
>>>>>id
uid=0(root) gid=0(root) groups=0(root)
Monday 14 November 2022 10:21:50 PM IST
>>>>>mount
sysfs on /sys type sysfs (rw,nosuid,nodev,noexec,relatime)
proc on /proc type proc (rw,nosuid,nodev,noexec,relatime)
udev on /dev type devtmpfs (rw,nosuid,relatime,size=8070948k,nr_inodes=2017737,mode=755,inode64)
devpts on /dev/pts type devpts (rw,nosuid,noexec,relatime,gid=5,mode=620,ptmxmode=000)
tmpfs on /run type tmpfs (rw,nosuid,nodev,noexec,relatime,size=1621580k,mode=755,inode64)
/dev/nvme0n1p6 on / type ext4 (rw,relatime,errors=remount-ro)
securityfs on /sys/kernel/security type securityfs (rw,nosuid,nodev,noexec,relatime)
tmpfs on /dev/shm type tmpfs (rw,nosuid,nodev,inode64)
tmpfs on /run/lock type tmpfs (rw,nosuid,nodev,noexec,relatime,size=5120k,inode64)
cgroup2 on /sys/fs/cgroup type cgroup2 (rw,nosuid,nodev,noexec,relatime,nsdelegate,memory_recursiveprot)
pstore on /sys/fs/pstore type pstore (rw,nosuid,nodev,noexec,relatime)
efivarfs on /sys/firmware/efi/efivars type efivarfs (rw,nosuid,nodev,noexec,relatime)
bpf on /sys/fs/bpf type bpf (rw,nosuid,nodev,noexec,relatime,mode=700)
systemd-1 on /proc/sys/fs/binfmt_misc type autofs (rw,relatime,fd=29,pgrp=1,timeout=0,minproto=5,maxproto=5,direct,pipe_ino=20118)
hugetlbfs on /dev/hugepages type hugetlbfs (rw,relatime,pagesize=2M)
mqueue on /dev/mqueue type mqueue (rw,nosuid,nodev,noexec,relatime)
debugfs on /sys/kernel/debug type debugfs (rw,nosuid,nodev,noexec,relatime)
tracefs on /sys/kernel/tracing type tracefs (rw,nosuid,nodev,noexec,relatime)
fusectl on /sys/fs/fuse/connections type fusectl (rw,nosuid,nodev,noexec,relatime)
configfs on /sys/kernel/config type configfs (rw,nosuid,nodev,noexec,relatime)
ramfs on /run/credentials/systemd-sysctl.service type ramfs (ro,nosuid,nodev,noexec,relatime,mode=700)
ramfs on /run/credentials/systemd-sysusers.service type ramfs (ro,nosuid,nodev,noexec,relatime,mode=700)
ramfs on /run/credentials/systemd-tmpfiles-setup-dev.service type ramfs (ro,nosuid,nodev,noexec,relatime,mode=700)
/var/lib/snapd/snaps/bare_5.snap on /snap/bare/5 type squashfs (ro,nodev,relatime,errors=continue,x-gdu.hide,x-gvfs-hide)
/var/lib/snapd/snaps/core18_2620.snap on /snap/core18/2620 type squashfs (ro,nodev,relatime,errors=continue,x-gdu.hide,x-gvfs-hide)
/var/lib/snapd/snaps/code_113.snap on /snap/code/113 type squashfs (ro,nodev,relatime,errors=continue,x-gdu.hide,x-gvfs-hide)
/var/lib/snapd/snaps/core_13886.snap on /snap/core/13886 type squashfs (ro,nodev,relatime,errors=continue,x-gdu.hide,x-gvfs-hide)
/var/lib/snapd/snaps/core18_2566.snap on /snap/core18/2566 type squashfs (ro,nodev,relatime,errors=continue,x-gdu.hide,x-gvfs-hide)
/var/lib/snapd/snaps/code_112.snap on /snap/code/112 type squashfs (ro,nodev,relatime,errors=continue,x-gdu.hide,x-gvfs-hide)
/var/lib/snapd/snaps/core22_275.snap on /snap/core22/275 type squashfs (ro,nodev,relatime,errors=continue,x-gdu.hide,x-gvfs-hide)
/var/lib/snapd/snaps/core22_310.snap on /snap/core22/310 type squashfs (ro,nodev,relatime,errors=continue,x-gdu.hide,x-gvfs-hide)
/var/lib/snapd/snaps/gnome-3-28-1804_161.snap on /snap/gnome-3-28-1804/161 type squashfs (ro,nodev,relatime,errors=continue,x-gdu.hide,x-gvfs-hide)
/var/lib/snapd/snaps/gtk-common-themes_1535.snap on /snap/gtk-common-themes/1535 type squashfs (ro,nodev,relatime,errors=continue,x-gdu.hide,x-gvfs-hide)
/var/lib/snapd/snaps/snapd_17029.snap on /snap/snapd/17029 type squashfs (ro,nodev,relatime,errors=continue,x-gdu.hide,x-gvfs-hide)
/var/lib/snapd/snaps/snapd_17336.snap on /snap/snapd/17336 type squashfs (ro,nodev,relatime,errors=continue,x-gdu.hide,x-gvfs-hide)
/var/lib/snapd/snaps/spotify_60.snap on /snap/spotify/60 type squashfs (ro,nodev,relatime,errors=continue,x-gdu.hide,x-gvfs-hide)
/var/lib/snapd/snaps/telegram-desktop_4256.snap on /snap/telegram-desktop/4256 type squashfs (ro,nodev,relatime,errors=continue,x-gdu.hide,x-gvfs-hide)
/var/lib/snapd/snaps/telegram-desktop_4312.snap on /snap/telegram-desktop/4312 type squashfs (ro,nodev,relatime,errors=continue,x-gdu.hide,x-gvfs-hide)
/var/lib/snapd/snaps/vlc_2344.snap on /snap/vlc/2344 type squashfs (ro,nodev,relatime,errors=continue,x-gdu.hide,x-gvfs-hide)
/var/lib/snapd/snaps/vlc_3078.snap on /snap/vlc/3078 type squashfs (ro,nodev,relatime,errors=continue,x-gdu.hide,x-gvfs-hide)
/dev/nvme0n1p1 on /boot/efi type vfat (rw,relatime,fmask=0077,dmask=0077,codepage=437,iocharset=ascii,shortname=mixed,utf8,errors=remount-ro)
ramfs on /run/credentials/systemd-tmpfiles-setup.service type ramfs (ro,nosuid,nodev,noexec,relatime,mode=700)
binfmt_misc on /proc/sys/fs/binfmt_misc type binfmt_misc (rw,nosuid,nodev,noexec,relatime)
sunrpc on /run/rpc_pipefs type rpc_pipefs (rw,relatime)
tmpfs on /run/user/1000 type tmpfs (rw,nosuid,nodev,relatime,size=1621576k,nr_inodes=405394,mode=700,uid=1000,gid=1000,inode64)
gvfsd-fuse on /run/user/1000/gvfs type fuse.gvfsd-fuse (rw,nosuid,nodev,relatime,user_id=1000,group_id=1000)
portal on /run/user/1000/doc type fuse.portal (rw,nosuid,nodev,relatime,user_id=1000,group_id=1000)
/dev/sda4 on /mnt/sda4 type ext4 (rw,relatime)
/dev/sda6 on /media/pranav/ext4_part type ext4 (rw,nosuid,nodev,relatime,errors=remount-ro,uhelper=udisks2)
zfs_pool on /zfs_pool type zfs (rw,xattr,noacl)
/dev/nvme0n1p3 on /media/pranav/Acer type fuseblk (rw,nosuid,nodev,relatime,user_id=0,group_id=0,default_permissions,allow_other,blksize=4096,uhelper=udisks2)
Monday 14 November 2022 10:21:50 PM IST
>>>>>memory
MemTotal:       16215796 kB
MemFree:          877540 kB
MemAvailable:    6433332 kB
Buffers:          353004 kB
Cached:          6438564 kB
SwapCached:            0 kB
Active:          2131328 kB
Inactive:        8764912 kB
Active(anon):       8732 kB
Inactive(anon):  5429060 kB
Active(file):    2122596 kB
Inactive(file):  3335852 kB
Unevictable:     1027724 kB
Mlocked:             168 kB
SwapTotal:       1952764 kB
SwapFree:        1952764 kB
Zswap:                 0 kB
Zswapped:              0 kB
Dirty:               292 kB
Writeback:             0 kB
AnonPages:       4933636 kB
Mapped:           960092 kB
Shmem:           1343232 kB
KReclaimable:     436980 kB
Slab:             681004 kB
SReclaimable:     436980 kB
SUnreclaim:       244024 kB
KernelStack:       29544 kB
PageTables:        60388 kB
NFS_Unstable:          0 kB
Bounce:                0 kB
WritebackTmp:          0 kB
CommitLimit:    10060660 kB
Committed_AS:   16231764 kB
VmallocTotal:   34359738367 kB
VmallocUsed:      390708 kB
VmallocChunk:          0 kB
Percpu:            21248 kB
HardwareCorrupted:     0 kB
AnonHugePages:   1220608 kB
ShmemHugePages:   915456 kB
ShmemPmdMapped:        0 kB
FileHugePages:         0 kB
FilePmdMapped:         0 kB
HugePages_Total:       0
HugePages_Free:        0
HugePages_Rsvd:        0
HugePages_Surp:        0
Hugepagesize:       2048 kB
Hugetlb:               0 kB
DirectMap4k:      546236 kB
DirectMap2M:    16058368 kB
DirectMap1G:     1048576 kB
               total        used        free      shared  buff/cache   available
Mem:        16215796     8110212      877036     1343232     7228548     6432828
Low:        16215796    15338760      877036
High:              0           0           0
Swap:        1952764           0     1952764
Monday 14 November 2022 10:21:50 PM IST
>>>>>ps -ef | grep -i vdb
root      137929  137470  1 22:21 pts/4    00:00:00 sudo ./vdbench -f workload2 anchor=/zfs_pool
root      137930  137929  0 22:21 pts/5    00:00:00 sudo ./vdbench -f workload2 anchor=/zfs_pool
root      137931  137930  0 22:21 pts/5    00:00:00 /bin/bash ./vdbench -f workload2 anchor=/zfs_pool
root      137933  137931 80 22:21 pts/5    00:00:00 java -client -Xmx512m -Xms64m -cp ./:./classes:./vdbench.jar Vdb.Vdbmain -f workload2 anchor=/zfs_pool
root      137961  137933  0 22:21 pts/5    00:00:00 /bin/bash /home/pranav/Downloads/Submission/vdbench/vdbench SlaveJvm -m localhost -n localhost-10-221114-22.21.49.450 -l localhost-0 -p 5570
root      137965  137961 50 22:21 pts/5    00:00:00 java -client -Xmx1024m -Xms128m -cp /home/pranav/Downloads/Submission/vdbench/:/home/pranav/Downloads/Submission/vdbench/classes:/home/pranav/Downloads/Submission/vdbench/vdbench.jar Vdb.SlaveJvm SlaveJvm -m localhost -n localhost-10-221114-22.21.49.450 -l localhost-0 -p 5570
root      137996  137933  0 22:21 pts/5    00:00:00 /bin/bash /home/pranav/Downloads/Submission/vdbench/linux/config.sh -o /home/pranav/Downloads/Submission/vdbench/output localhost
root      138012  137996  0 22:21 pts/5    00:00:00 grep -i vdb

